This project is to create a christmas star box to stay in the top of a chistmas tree. The star is made of three parts: The front and back (christmas star shaped) that snap together to close the box, and a conic base to lock the parts. PLan it before doing about choosing technology, and etc. The final asset is an STL to 3D print.

I'll plan this out — proposing technology and design approach, then a few sizing questions before generating STLs.


12:59 PM
Plan — Christmas star tree-topper box

Technology: OpenSCAD (parametric, scriptable, exports STL directly from CLI, easy to tweak dimensions later). I'd install it locally, write a single parametric .scad file, and render 3 STLs. Alternative would be CadQuery (Python), but OpenSCAD is simpler and more shareable for this kind of part.

Design:

Star shape: 5-pointed star outline (2D polygon), extruded. Front and back are each a hollow half-shell (star-shaped tray) so together they form a closed box.
Snap fit: the back half gets an inner lip/rim that slides into the front half, with small snap bumps + matching recesses around the rim (with printable clearance ~0.2 mm).
Conic base: a hollow cone at the bottom point of the star that slides over the tree tip; it caps over the joined bottom star point and locks the two halves together (friction/twist fit over both shells).
Print-friendly: flat outer faces so front/back print face-down without supports; cone prints wide-end down.
Deliverables: star_box.scad + 3 STLs (front, back, base), in a PR to a repo of your choice (or just attached files).

Default sizes I'd use unless you say otherwise: star ~150 mm tip-to-tip, ~40 mm deep, cone fits a tree tip up to ~25 mm diameter. OK to proceed with this plan?


1:00 PM
Q: Proceed with OpenSCAD and the defaults above?
Yes, proceed with defaults
Q: Where should the files go?
Existing repo (I'll say which)
https://github.com/ranaur/3d-christmasstarbox

Proceeding — I'll clone the repo, install OpenSCAD, build the parametric model, and open a PR with the .scad and STLs.


1:01 PM
Add parametric Christmas star box (OpenSCAD + STLs)
3d-christmasstarbox#1
•
ranaur



3d-christmasstarbox is set up
Saved to environment
runs-on: windows
# One-time setup (e.g., install system tools, global CLIs).
initialize: |
  choco install openscad -y --no-progress
knowledge:
  - name: render-stls
    contents: |
      & "C:\Program Files\OpenSCAD\openscad.com" -o front.stl -D 'part=\"front\"' star_box.scad
      # Use openscad.com (console wrapper), not openscad.exe; repeat with part="back"/"base".
 

Done — PR with the parametric OpenSCAD model, 3 STLs (front, back, conic base) and README: https://github.com/ranaur/3d-christmasstarbox/pull/1

The assembly render preview is in the PR description. Snap fit uses 0.25 mm clearance / 0.5 mm ridge — easy to tune in the .scad if the first print is too tight or loose. Also sent a blueprint suggestion so future sessions have OpenSCAD preinstalled.


1:08 PM
Stopped working
It is great. Now make another version with the star's points in a pyramidal shape (higher in the middle) instead of the flat version, both front and back. Adjust the base to work with thid new version. All the rest is good. The star can have a small (0,5cm, parametrizable) base so the snap can fit.

Nice idea — I'll add a pyramidal version (faceted star halves with a parametrizable 5 mm rim for the snap) and adapt the cone socket, then update the PR.


1:22 PM
Add pyramidal star variant with rim snap fit
3d-christmasstarbox#2
•
ranaur



Pyramidal variant done (PR #1 was already merged, so it's a new PR): https://github.com/ranaur/3d-christmasstarbox/pull/2

Faceted halves rise to a 28 mm peak on a parametrizable 5 mm rim carrying the snap (tongue + groove), and the cone socket now matches the pyramidal profile. One note: the hollow interior of the pyramid faces is a shallow overhang — print with supports or solid infill, or raise peak for steeper facets.


1:25 PM
great. Now, instead of sticking one of the star's points in the base, make a small (parametrizable) shaft on both front and back between two points and use it to insert the base.

Got it — I'll replace the point-in-cone lock with a parametrizable half-shaft on each half (forming a round shaft between the two bottom points) and a matching round socket in the cone, in the pyramidal version. New PR shortly.


2:49 PM
Mount pyramidal star on a round shaft between the bottom points
3d-christmasstarbox#3
•
ranaur



Done — PR #3 replaces the point-in-cone lock with a parametrizable round shaft (shaft_r/shaft_len/shaft_embed, socket via socket_depth) between the two bottom points on both halves: https://github.com/ranaur/3d-christmasstarbox/pull/3

All three regenerated STLs render manifold-clean; assembly preview is in the PR.


2:54 PM
Now do the same  change (shaft between two points) on the first version star_box.scad 
On it — I'll add the same between-two-points shaft mount to the flat version (star_box.scad) and its base, then open a PR.


3:06 PM
Mount flat star on a round shaft between the bottom points
3d-christmasstarbox#4
•
ranaur



Done — same shaft mount applied to the flat version (shaft on both halves between the two bottom points, round socket in the cone): https://github.com/ranaur/3d-christmasstarbox/pull/4

All three flat STLs regenerated and render manifold-clean; assembly preview is in the PR.


3:08 PM
Update the README.

I'll review the README against the current design and update it — new PR shortly.


3:23 PM
Rewrite README for both variants and shaft mount
3d-christmasstarbox#5
•
ranaur



README rewritten to cover both variants and the shaft mount (params table, render commands, print notes): https://github.com/ranaur/3d-christmasstarbox/pull/5


3:24 PM
Add a licence CC0 file to the repository. Put th the readme file that the project was heavly made by AI (You, thanks!)

Adding a CC0 LICENSE file and an AI-attribution note to the README — will add to PR #5.


3:28 PM
Added the CC0 LICENSE and AI-credits section, and reworked the README around your new 4-version file layout (flat/pyramid × default/middle) — all on PR #5: https://github.com/ranaur/3d-christmasstarbox/pull/5


3:30 PM
Add a Makefile to generate all 3 pieces of each 4 variants

Adding a Makefile that renders all 12 STLs (3 parts × 4 variants) — will add to PR #5.


3:31 PM
3d-christmasstarbox is set up
Saved to environment
runs-on: windows
# One-time setup (e.g., install system tools, global CLIs).
initialize: |
  choco install openscad -y --no-progress
  choco install make -y --no-progress
knowledge:
  - name: render-stls
    contents: |
      make OPENSCAD="C:/Program Files/OpenSCAD/openscad.com"
      # Renders all 12 STLs (3 parts x 4 variants); `make <variant>` for one variant.
      # Use openscad.com (console wrapper), not openscad.exe, for single renders:
      # & "C:\Program Files\OpenSCAD\openscad.com" -o flat_front.stl -D 'part=\"front\"' star_box_flat.scad
 

Makefile added to PR #5 — make renders all 12 STLs (<variant>_<part>.stl), make <variant> one variant, OPENSCAD= to override the binary. All 12 regenerated and committed with the new naming (old front/back/base.stl removed): https://github.com/ranaur/3d-christmasstarbox/pull/5

Also sent a blueprint suggestion adding GNU make for future sessions.


3:33 PM
Stopped working
Devin is awaiting instructions
